------------------------------------------------------------
Timing Analyzer Summary
------------------------------------------------------------

Type  : Slow 1100mV 85C Model Setup 'pll:pixel_clk|pll_0002:pll_inst|altera_pll:altera_pll_i|outclk_wire[0]'
Slack : 22.555
TNS   : 0.000

Type  : Slow 1100mV 85C Model Hold 'pll:pixel_clk|pll_0002:pll_inst|altera_pll:altera_pll_i|outclk_wire[0]'
Slack : 0.836
TNS   : 0.000

Type  : Slow 1100mV 85C Model Recovery 'pll:pixel_clk|pll_0002:pll_inst|altera_pll:altera_pll_i|outclk_wire[0]'
Slack : 30.910
TNS   : 0.000

Type  : Slow 1100mV 85C Model Removal 'pll:pixel_clk|pll_0002:pll_inst|altera_pll:altera_pll_i|outclk_wire[0]'
Slack : 6.166
TNS   : 0.000

Type  : Slow 1100mV 85C Model Minimum Pulse Width 'pll:pixel_clk|pll_0002:pll_inst|altera_pll:altera_pll_i|general[0].gpll~FRACTIONAL_PLL_O_VCOPH0'
Slack : 1.171
TNS   : 0.000

Type  : Slow 1100mV 85C Model Minimum Pulse Width 'clk50'
Slack : 9.949
TNS   : 0.000

Type  : Slow 1100mV 85C Model Minimum Pulse Width 'pll:pixel_clk|pll_0002:pll_inst|altera_pll:altera_pll_i|outclk_wire[0]'
Slack : 19.043
TNS   : 0.000

Type  : Slow 1100mV 0C Model Setup 'pll:pixel_clk|pll_0002:pll_inst|altera_pll:altera_pll_i|outclk_wire[0]'
Slack : 22.965
TNS   : 0.000

Type  : Slow 1100mV 0C Model Hold 'pll:pixel_clk|pll_0002:pll_inst|altera_pll:altera_pll_i|outclk_wire[0]'
Slack : 0.852
TNS   : 0.000

Type  : Slow 1100mV 0C Model Recovery 'pll:pixel_clk|pll_0002:pll_inst|altera_pll:altera_pll_i|outclk_wire[0]'
Slack : 31.392
TNS   : 0.000

Type  : Slow 1100mV 0C Model Removal 'pll:pixel_clk|pll_0002:pll_inst|altera_pll:altera_pll_i|outclk_wire[0]'
Slack : 5.670
TNS   : 0.000

Type  : Slow 1100mV 0C Model Minimum Pulse Width 'pll:pixel_clk|pll_0002:pll_inst|altera_pll:altera_pll_i|general[0].gpll~FRACTIONAL_PLL_O_VCOPH0'
Slack : 1.171
TNS   : 0.000

Type  : Slow 1100mV 0C Model Minimum Pulse Width 'clk50'
Slack : 9.980
TNS   : 0.000

Type  : Slow 1100mV 0C Model Minimum Pulse Width 'pll:pixel_clk|pll_0002:pll_inst|altera_pll:altera_pll_i|outclk_wire[0]'
Slack : 18.997
TNS   : 0.000

Type  : Fast 1100mV 85C Model Setup 'pll:pixel_clk|pll_0002:pll_inst|altera_pll:altera_pll_i|outclk_wire[0]'
Slack : 29.521
TNS   : 0.000

Type  : Fast 1100mV 85C Model Hold 'pll:pixel_clk|pll_0002:pll_inst|altera_pll:altera_pll_i|outclk_wire[0]'
Slack : 0.350
TNS   : 0.000

Type  : Fast 1100mV 85C Model Recovery 'pll:pixel_clk|pll_0002:pll_inst|altera_pll:altera_pll_i|outclk_wire[0]'
Slack : 33.951
TNS   : 0.000

Type  : Fast 1100mV 85C Model Removal 'pll:pixel_clk|pll_0002:pll_inst|altera_pll:altera_pll_i|outclk_wire[0]'
Slack : 4.118
TNS   : 0.000

Type  : Fast 1100mV 85C Model Minimum Pulse Width 'pll:pixel_clk|pll_0002:pll_inst|altera_pll:altera_pll_i|general[0].gpll~FRACTIONAL_PLL_O_VCOPH0'
Slack : 1.171
TNS   : 0.000

Type  : Fast 1100mV 85C Model Minimum Pulse Width 'clk50'
Slack : 9.643
TNS   : 0.000

Type  : Fast 1100mV 85C Model Minimum Pulse Width 'pll:pixel_clk|pll_0002:pll_inst|altera_pll:altera_pll_i|outclk_wire[0]'
Slack : 19.462
TNS   : 0.000

Type  : Fast 1100mV 0C Model Setup 'pll:pixel_clk|pll_0002:pll_inst|altera_pll:altera_pll_i|outclk_wire[0]'
Slack : 30.195
TNS   : 0.000

Type  : Fast 1100mV 0C Model Hold 'pll:pixel_clk|pll_0002:pll_inst|altera_pll:altera_pll_i|outclk_wire[0]'
Slack : 0.320
TNS   : 0.000

Type  : Fast 1100mV 0C Model Recovery 'pll:pixel_clk|pll_0002:pll_inst|altera_pll:altera_pll_i|outclk_wire[0]'
Slack : 34.144
TNS   : 0.000

Type  : Fast 1100mV 0C Model Removal 'pll:pixel_clk|pll_0002:pll_inst|altera_pll:altera_pll_i|outclk_wire[0]'
Slack : 4.027
TNS   : 0.000

Type  : Fast 1100mV 0C Model Minimum Pulse Width 'pll:pixel_clk|pll_0002:pll_inst|altera_pll:altera_pll_i|general[0].gpll~FRACTIONAL_PLL_O_VCOPH0'
Slack : 1.171
TNS   : 0.000

Type  : Fast 1100mV 0C Model Minimum Pulse Width 'clk50'
Slack : 9.632
TNS   : 0.000

Type  : Fast 1100mV 0C Model Minimum Pulse Width 'pll:pixel_clk|pll_0002:pll_inst|altera_pll:altera_pll_i|outclk_wire[0]'
Slack : 19.460
TNS   : 0.000

------------------------------------------------------------
