------------------------------------------------------------
TimeQuest Timing Analyzer Summary
------------------------------------------------------------

Type  : Slow 1100mV 85C Model Setup 'clk'
Slack : 8.370
TNS   : 0.000

Type  : Slow 1100mV 85C Model Hold 'clk'
Slack : 0.413
TNS   : 0.000

Type  : Slow 1100mV 85C Model Recovery 'clk'
Slack : 17.351
TNS   : 0.000

Type  : Slow 1100mV 85C Model Removal 'clk'
Slack : 0.867
TNS   : 0.000

Type  : Slow 1100mV 85C Model Minimum Pulse Width 'clk'
Slack : 9.067
TNS   : 0.000

Type  : Slow 1100mV 0C Model Setup 'clk'
Slack : 8.512
TNS   : 0.000

Type  : Slow 1100mV 0C Model Hold 'clk'
Slack : 0.419
TNS   : 0.000

Type  : Slow 1100mV 0C Model Recovery 'clk'
Slack : 13.937
TNS   : 0.000

Type  : Slow 1100mV 0C Model Removal 'clk'
Slack : 3.977
TNS   : 0.000

Type  : Slow 1100mV 0C Model Minimum Pulse Width 'clk'
Slack : 9.016
TNS   : 0.000

Type  : Fast 1100mV 85C Model Setup 'clk'
Slack : 12.746
TNS   : 0.000

Type  : Fast 1100mV 85C Model Hold 'clk'
Slack : 0.175
TNS   : 0.000

Type  : Fast 1100mV 85C Model Recovery 'clk'
Slack : 15.349
TNS   : 0.000

Type  : Fast 1100mV 85C Model Removal 'clk'
Slack : 3.013
TNS   : 0.000

Type  : Fast 1100mV 85C Model Minimum Pulse Width 'clk'
Slack : 9.422
TNS   : 0.000

Type  : Fast 1100mV 0C Model Setup 'clk'
Slack : 13.076
TNS   : 0.000

Type  : Fast 1100mV 0C Model Hold 'clk'
Slack : 0.167
TNS   : 0.000

Type  : Fast 1100mV 0C Model Recovery 'clk'
Slack : 17.169
TNS   : 0.000

Type  : Fast 1100mV 0C Model Removal 'clk'
Slack : 1.337
TNS   : 0.000

Type  : Fast 1100mV 0C Model Minimum Pulse Width 'clk'
Slack : 9.420
TNS   : 0.000

------------------------------------------------------------
